l/FIFALAR2$ php artisan migrate
Migration table created successfully.
Migrated: 2014_10_12_000000_create_users_table
Migrated: 2014_10_12_100000_create_password_resets_table
Migrated: 2016_01_17_230015_create_tasks_table
Migrated: 2016_01_17_230824_equipos_table
Migrated: 2016_02_07_050220_comentariosBlog
Migrated: 2016_02_09_132528_clubesPro
sergio@hpotter:/var/www/html/FIFALAR2$ chmod 777 .env
sergio@hpotter:/var/www/html/FIFALAR2$ git status
fatal: Not a git repository (or any of the parent directories): .git
sergio@hpotter:/var/www/html/FIFALAR2$ php artisan ide-helper


  [InvalidArgumentException]
  Command "ide-helper" is not defined.


sergio@hpotter:/var/www/html/FIFALAR2$ composer require intervention/image:~1.11
./composer.json has been updated
Loading composer repositories with package information
Updating dependencies (including require-dev)



  [RuntimeException]
  Could not load package intervention/image in http://packagist.org: [UnexpectedValueException] Could not parse version constraint 4.x.x: Invalid version string "4.x.x"






  [UnexpectedValueException]
  Could not parse version constraint 4.x.x: Invalid version string "4.x.x"



require [--dev] [--prefer-source] [--prefer-dist] [--no-progress] [--no-update] [--update-no-dev] [--update-with-dependencies] [--ignore-platform-reqs] [--sort-packages] [--] [<packages>]...


sergio@hpotter:/var/www/html/FIFALAR2$ ~/composer.phar require intervention/image:~1.11
You are running composer with xdebug enabled. This has a major impact on runtime performance. See https://getcomposer.org/xdebug
./composer.json has been updated
> php artisan clear-compiled
Loading composer repositories with package information
Updating dependencies (including require-dev)
Your requirements could not be resolved to an installable set of packages.

  Problem 1
    - The requested package intervention/image could not be found in any version, there may be a typo in the package name.

Potential causes:
 - A typo in the package name
 - The package is not available in a stable-enough version according to your minimum-stability setting
   see <https://groups.google.com/d/topic/composer-dev/_g3ASeIFlrc/discussion> for more details.

Read <https://getcomposer.org/doc/articles/troubleshooting.md> for further common problems.

Installation failed, reverting ./composer.json to its original content.
sergio@hpotter:/var/www/html/FIFALAR2$ comopser install
No command 'comopser' found, did you mean:
 Command 'composer' from package 'composer' (universe)
comopser: command not found
sergio@hpotter:/var/www/html/FIFALAR2$ ~/composer.phar installl
You are running composer with xdebug enabled. This has a major impact on runtime performance. See https://getcomposer.org/xdebug



  [Symfony\Component\Console\Exception\CommandNotFoundException]
  Command "installl" is not defined.
  Did you mean this?
      install



sergio@hpotter:/var/www/html/FIFALAR2$ ~/composer.phar install
You are running composer with xdebug enabled. This has a major impact on runtime performance. See https://getcomposer.org/xdebug
Loading composer repositories with package information
Installing dependencies (including require-dev) from lock file
Warning: The lock file is not up to date with the latest changes in composer.json. You may be getting outdated dependencies. Run update to update them.
Nothing to install or update
Generating autoload files
> php artisan clear-compiled
> php artisan optimize
Generating optimized class loader
sergio@hpotter:/var/www/html/FIFALAR2$ ~/composer.phar update
You are running composer with xdebug enabled. This has a major impact on runtime performance. See https://getcomposer.org/xdebug
> php artisan clear-compiled
Loading composer repositories with package information
Updating dependencies (including require-dev)
Your requirements could not be resolved to an installable set of packages.

  Problem 1
    - Conclusion: remove laravel/framework v5.1.29
    - Conclusion: don't install laravel/framework v5.1.29
    - Conclusion: don't install laravel/framework v5.1.28
    - Conclusion: don't install laravel/framework v5.1.27
    - Conclusion: don't install laravel/framework v5.1.26
    - Conclusion: don't install laravel/framework v5.1.25
    - Conclusion: don't install laravel/framework v5.1.24
    - Conclusion: don't install laravel/framework v5.1.23
    - Conclusion: don't install laravel/framework v5.1.22
    - Conclusion: don't install laravel/framework v5.1.21
    - Conclusion: don't install laravel/framework v5.1.20
    - Conclusion: don't install laravel/framework v5.1.19
    - Conclusion: don't install laravel/framework v5.1.18
    - Conclusion: don't install laravel/framework v5.1.17
    - Conclusion: don't install laravel/framework v5.1.16
    - Conclusion: don't install laravel/framework v5.1.15
    - Conclusion: don't install laravel/framework v5.1.14
    - Conclusion: don't install laravel/framework v5.1.13
    - Conclusion: don't install laravel/framework v5.1.12
    - Conclusion: don't install laravel/framework v5.1.11
    - Conclusion: don't install laravel/framework v5.1.10
    - Conclusion: don't install laravel/framework v5.1.9
    - Conclusion: don't install laravel/framework v5.1.8
    - Conclusion: don't install laravel/framework v5.1.7
    - Conclusion: don't install laravel/framework v5.1.6
    - Conclusion: don't install laravel/framework v5.1.5
    - Conclusion: don't install laravel/framework v5.1.4
    - Conclusion: don't install laravel/framework v5.1.3
    - Conclusion: don't install laravel/framework v5.1.2
    - Conclusion: don't install laravel/framework v5.1.1
    - barryvdh/laravel-ide-helper v1.11.0 requires illuminate/filesystem 4.x -> satisfiable by illuminate/filesystem[v4.0.0, v4.0.1, v4.0.10, v4.0.2, v4.0.3, v4.0.4, v4.0.5, v4.0.6, v4.0.7, v4.0.8, v4.0.9, v4.1.0, v4.1.1, v4.1.10, v4.1.11, v4.1.12, v4.1.13, v4.1.14, v4.1.15, v4.1.16, v4.1.17, v4.1.18, v4.1.19, v4.1.2, v4.1.20, v4.1.21, v4.1.22, v4.1.23, v4.1.24, v4.1.25, v4.1.26, v4.1.27, v4.1.28, v4.1.29, v4.1.3, v4.1.30, v4.1.4, v4.1.5, v4.1.6, v4.1.7, v4.1.8, v4.1.9, v4.2.1, v4.2.12, v4.2.16, v4.2.17, v4.2.2, v4.2.3, v4.2.4, v4.2.5, v4.2.6, v4.2.7, v4.2.8, v4.2.9].
    - barryvdh/laravel-ide-helper v1.11.1 requires illuminate/filesystem 4.x -> satisfiable by illuminate/filesystem[v4.0.0, v4.0.1, v4.0.10, v4.0.2, v4.0.3, v4.0.4, v4.0.5, v4.0.6, v4.0.7, v4.0.8, v4.0.9, v4.1.0, v4.1.1, v4.1.10, v4.1.11, v4.1.12, v4.1.13, v4.1.14, v4.1.15, v4.1.16, v4.1.17, v4.1.18, v4.1.19, v4.1.2, v4.1.20, v4.1.21, v4.1.22, v4.1.23, v4.1.24, v4.1.25, v4.1.26, v4.1.27, v4.1.28, v4.1.29, v4.1.3, v4.1.30, v4.1.4, v4.1.5, v4.1.6, v4.1.7, v4.1.8, v4.1.9, v4.2.1, v4.2.12, v4.2.16, v4.2.17, v4.2.2, v4.2.3, v4.2.4, v4.2.5, v4.2.6, v4.2.7, v4.2.8, v4.2.9].
    - barryvdh/laravel-ide-helper v1.11.2 requires illuminate/filesystem 4.x -> satisfiable by illuminate/filesystem[v4.0.0, v4.0.1, v4.0.10, v4.0.2, v4.0.3, v4.0.4, v4.0.5, v4.0.6, v4.0.7, v4.0.8, v4.0.9, v4.1.0, v4.1.1, v4.1.10, v4.1.11, v4.1.12, v4.1.13, v4.1.14, v4.1.15, v4.1.16, v4.1.17, v4.1.18, v4.1.19, v4.1.2, v4.1.20, v4.1.21, v4.1.22, v4.1.23, v4.1.24, v4.1.25, v4.1.26, v4.1.27, v4.1.28, v4.1.29, v4.1.3, v4.1.30, v4.1.4, v4.1.5, v4.1.6, v4.1.7, v4.1.8, v4.1.9, v4.2.1, v4.2.12, v4.2.16, v4.2.17, v4.2.2, v4.2.3, v4.2.4, v4.2.5, v4.2.6, v4.2.7, v4.2.8, v4.2.9].
    - barryvdh/laravel-ide-helper v1.11.3 requires illuminate/filesystem 4.x -> satisfiable by illuminate/filesystem[v4.0.0, v4.0.1, v4.0.10, v4.0.2, v4.0.3, v4.0.4, v4.0.5, v4.0.6, v4.0.7, v4.0.8, v4.0.9, v4.1.0, v4.1.1, v4.1.10, v4.1.11, v4.1.12, v4.1.13, v4.1.14, v4.1.15, v4.1.16, v4.1.17, v4.1.18, v4.1.19, v4.1.2, v4.1.20, v4.1.21, v4.1.22, v4.1.23, v4.1.24, v4.1.25, v4.1.26, v4.1.27, v4.1.28, v4.1.29, v4.1.3, v4.1.30, v4.1.4, v4.1.5, v4.1.6, v4.1.7, v4.1.8, v4.1.9, v4.2.1, v4.2.12, v4.2.16, v4.2.17, v4.2.2, v4.2.3, v4.2.4, v4.2.5, v4.2.6, v4.2.7, v4.2.8, v4.2.9].
    - barryvdh/laravel-ide-helper v1.11.4 requires illuminate/filesystem 4.x -> satisfiable by illuminate/filesystem[v4.0.0, v4.0.1, v4.0.10, v4.0.2, v4.0.3, v4.0.4, v4.0.5, v4.0.6, v4.0.7, v4.0.8, v4.0.9, v4.1.0, v4.1.1, v4.1.10, v4.1.11, v4.1.12, v4.1.13, v4.1.14, v4.1.15, v4.1.16, v4.1.17, v4.1.18, v4.1.19, v4.1.2, v4.1.20, v4.1.21, v4.1.22, v4.1.23, v4.1.24, v4.1.25, v4.1.26, v4.1.27, v4.1.28, v4.1.29, v4.1.3, v4.1.30, v4.1.4, v4.1.5, v4.1.6, v4.1.7, v4.1.8, v4.1.9, v4.2.1, v4.2.12, v4.2.16, v4.2.17, v4.2.2, v4.2.3, v4.2.4, v4.2.5, v4.2.6, v4.2.7, v4.2.8, v4.2.9].
    - barryvdh/laravel-ide-helper v1.11.5 requires illuminate/filesystem 4.x -> satisfiable by illuminate/filesystem[v4.0.0, v4.0.1, v4.0.10, v4.0.2, v4.0.3, v4.0.4, v4.0.5, v4.0.6, v4.0.7, v4.0.8, v4.0.9, v4.1.0, v4.1.1, v4.1.10, v4.1.11, v4.1.12, v4.1.13, v4.1.14, v4.1.15, v4.1.16, v4.1.17, v4.1.18, v4.1.19, v4.1.2, v4.1.20, v4.1.21, v4.1.22, v4.1.23, v4.1.24, v4.1.25, v4.1.26, v4.1.27, v4.1.28, v4.1.29, v4.1.3, v4.1.30, v4.1.4, v4.1.5, v4.1.6, v4.1.7, v4.1.8, v4.1.9, v4.2.1, v4.2.12, v4.2.16, v4.2.17, v4.2.2, v4.2.3, v4.2.4, v4.2.5, v4.2.6, v4.2.7, v4.2.8, v4.2.9].
    - barryvdh/laravel-ide-helper v1.11.6 requires illuminate/filesystem 4.x -> satisfiable by illuminate/filesystem[v4.0.0, v4.0.1, v4.0.10, v4.0.2, v4.0.3, v4.0.4, v4.0.5, v4.0.6, v4.0.7, v4.0.8, v4.0.9, v4.1.0, v4.1.1, v4.1.10, v4.1.11, v4.1.12, v4.1.13, v4.1.14, v4.1.15, v4.1.16, v4.1.17, v4.1.18, v4.1.19, v4.1.2, v4.1.20, v4.1.21, v4.1.22, v4.1.23, v4.1.24, v4.1.25, v4.1.26, v4.1.27, v4.1.28, v4.1.29, v4.1.3, v4.1.30, v4.1.4, v4.1.5, v4.1.6, v4.1.7, v4.1.8, v4.1.9, v4.2.1, v4.2.12, v4.2.16, v4.2.17, v4.2.2, v4.2.3, v4.2.4, v4.2.5, v4.2.6, v4.2.7, v4.2.8, v4.2.9].
    - don't install illuminate/filesystem v4.0.0|don't install laravel/framework v5.1.0
    - don't install illuminate/filesystem v4.0.1|don't install laravel/framework v5.1.0
    - don't install illuminate/filesystem v4.0.10|don't install laravel/framework v5.1.0
    - don't install illuminate/filesystem v4.0.2|don't install laravel/framework v5.1.0
    - don't install illuminate/filesystem v4.0.3|don't install laravel/framework v5.1.0
    - don't install illuminate/filesystem v4.0.4|don't install laravel/framework v5.1.0
    - don't install illuminate/filesystem v4.0.5|don't install laravel/framework v5.1.0
    - don't install illuminate/filesystem v4.0.6|don't install laravel/framework v5.1.0
    - don't install illuminate/filesystem v4.0.7|don't install laravel/framework v5.1.0
    - don't install illuminate/filesystem v4.0.8|don't install laravel/framework v5.1.0
    - don't install illuminate/filesystem v4.0.9|don't install laravel/framework v5.1.0
    - don't install illuminate/filesystem v4.1.0|don't install laravel/framework v5.1.0
    - don't install illuminate/filesystem v4.1.1|don't install laravel/framework v5.1.0
    - don't install illuminate/filesystem v4.1.10|don't install laravel/framework v5.1.0
    - don't install illuminate/filesystem v4.1.11|don't install laravel/framework v5.1.0
    - don't install illuminate/filesystem v4.1.12|don't install laravel/framework v5.1.0
    - don't install illuminate/filesystem v4.1.13|don't install laravel/framework v5.1.0
    - don't install illuminate/filesystem v4.1.14|don't install laravel/framework v5.1.0
    - don't install illuminate/filesystem v4.1.15|don't install laravel/framework v5.1.0
    - don't install illuminate/filesystem v4.1.16|don't install laravel/framework v5.1.0
    - don't install illuminate/filesystem v4.1.17|don't install laravel/framework v5.1.0
    - don't install illuminate/filesystem v4.1.18|don't install laravel/framework v5.1.0
    - don't install illuminate/filesystem v4.1.19|don't install laravel/framework v5.1.0
    - don't install illuminate/filesystem v4.1.2|don't install laravel/framework v5.1.0
    - don't install illuminate/filesystem v4.1.20|don't install laravel/framework v5.1.0
    - don't install illuminate/filesystem v4.1.21|don't install laravel/framework v5.1.0
    - don't install illuminate/filesystem v4.1.22|don't install laravel/framework v5.1.0
    - don't install illuminate/filesystem v4.1.23|don't install laravel/framework v5.1.0
    - don't install illuminate/filesystem v4.1.24|don't install laravel/framework v5.1.0
    - don't install illuminate/filesystem v4.1.25|don't install laravel/framework v5.1.0
    - don't install illuminate/filesystem v4.1.26|don't install laravel/framework v5.1.0
    - don't install illuminate/filesystem v4.1.27|don't install laravel/framework v5.1.0
    - don't install illuminate/filesystem v4.1.28|don't install laravel/framework v5.1.0
    - don't install illuminate/filesystem v4.1.29|don't install laravel/framework v5.1.0
    - don't install illuminate/filesystem v4.1.3|don't install laravel/framework v5.1.0
    - don't install illuminate/filesystem v4.1.30|don't install laravel/framework v5.1.0
    - don't install illuminate/filesystem v4.1.4|don't install laravel/framework v5.1.0
    - don't install illuminate/filesystem v4.1.5|don't install laravel/framework v5.1.0
    - don't install illuminate/filesystem v4.1.6|don't install laravel/framework v5.1.0
    - don't install illuminate/filesystem v4.1.7|don't install laravel/framework v5.1.0
    - don't install illuminate/filesystem v4.1.8|don't install laravel/framework v5.1.0
    - don't install illuminate/filesystem v4.1.9|don't install laravel/framework v5.1.0
    - don't install illuminate/filesystem v4.2.1|don't install laravel/framework v5.1.0
    - don't install illuminate/filesystem v4.2.12|don't install laravel/framework v5.1.0
    - don't install illuminate/filesystem v4.2.16|don't install laravel/framework v5.1.0
    - don't install illuminate/filesystem v4.2.17|don't install laravel/framework v5.1.0
    - don't install illuminate/filesystem v4.2.2|don't install laravel/framework v5.1.0
    - don't install illuminate/filesystem v4.2.3|don't install laravel/framework v5.1.0
    - don't install illuminate/filesystem v4.2.4|don't install laravel/framework v5.1.0
    - don't install illuminate/filesystem v4.2.5|don't install laravel/framework v5.1.0
    - don't install illuminate/filesystem v4.2.6|don't install laravel/framework v5.1.0
    - don't install illuminate/filesystem v4.2.7|don't install laravel/framework v5.1.0
    - don't install illuminate/filesystem v4.2.8|don't install laravel/framework v5.1.0
    - don't install illuminate/filesystem v4.2.9|don't install laravel/framework v5.1.0
    - Installation request for laravel/framework 5.1.* -> satisfiable by laravel/framework[v5.1.0, v5.1.1, v5.1.10, v5.1.11, v5.1.12, v5.1.13, v5.1.14, v5.1.15, v5.1.16, v5.1.17, v5.1.18, v5.1.19, v5.1.2, v5.1.20, v5.1.21, v5.1.22, v5.1.23, v5.1.24, v5.1.25, v5.1.26, v5.1.27, v5.1.28, v5.1.29, v5.1.3, v5.1.4, v5.1.5, v5.1.6, v5.1.7, v5.1.8, v5.1.9].
    - Installation request for barryvdh/laravel-ide-helper ~1.11 -> satisfiable by barryvdh/laravel-ide-helper[v1.11.0, v1.11.1, v1.11.2, v1.11.3, v1.11.4, v1.11.5, v1.11.6].

sergio@hpotter:/var/www/html/FIFALAR2$ ~/composer.phar require barryvdh/laravel-ide-helper
You are running composer with xdebug enabled. This has a major impact on runtime performance. See https://getcomposer.org/xdebug
Using version ^2.1 for barryvdh/laravel-ide-helper
./composer.json has been updated
> php artisan clear-compiled
Loading composer repositories with package information
Updating dependencies (including require-dev)
  - Installing psr/http-message (1.0)
    Loading from cache

  - Installing guzzlehttp/psr7 (1.2.2)
    Loading from cache

  - Installing intervention/image (2.3.5)
    Loading from cache

  - Installing symfony/class-loader (v2.8.2)
    Loading from cache

  - Installing barryvdh/laravel-ide-helper (v2.1.2)
    Downloading: 100%

  - Installing doctrine/lexer (v1.0.1)
    Loading from cache

  - Installing doctrine/annotations (v1.2.7)
    Loading from cache

  - Installing doctrine/collections (v1.3.0)
    Loading from cache

  - Installing doctrine/cache (v1.6.0)
    Loading from cache

  - Installing doctrine/common (v2.6.1)
    Loading from cache

  - Installing doctrine/dbal (v2.5.4)
    Loading from cache

intervention/image suggests installing intervention/imagecache (Caching extension for the Intervention Image library)
Writing lock file
Generating autoload files
> php artisan optimize
Generating optimized class loader
sergio@hpotter:/var/www/html/FIFALAR2$ ~/composer.phar update
You are running composer with xdebug enabled. This has a major impact on runtime performance. See https://getcomposer.org/xdebug
> php artisan clear-compiled
Loading composer repositories with package information
Updating dependencies (including require-dev)
  - Removing phpunit/phpunit (4.8.22)
  - Installing phpunit/phpunit (4.8.23)
    Downloading: 100%

Writing lock file
Generating autoload files
> php artisan optimize
Generating optimized class loader
sergio@hpotter:/var/www/html/FIFALAR2$ php artisan ide-helper


  [InvalidArgumentException]
  Command "ide-helper" is not defined.
  Did you mean one of these?
      ide-helper:generate
      ide-helper:models
      ide-helper:meta


sergio@hpotter:/var/www/html/FIFALAR2$ php artisan ide-helper:generate
A new helper file was written to _ide_helper.php
sergio@hpotter:/var/www/html/FIFALAR2$ php artisan ide-helper:meta
A new meta file was written to .phpstorm.meta.php
sergio@hpotter:/var/www/html/FIFALAR2$ php artisan make:migration create_pro_team_user_table
Created Migration: 2016_02_12_013814_create_pro_team_user_table
sergio@hpotter:/var/www/html/FIFALAR2$ php artisan migrate:rollback
PHP Fatal error:  Class 'CreateTasksTable' not found in /var/www/html/FIFALAR2/vendor/laravel/framework/src/Illuminate/Database/Migrations/Migrator.php on line 324
PHP Stack trace:
PHP   1. {main}() /var/www/html/FIFALAR2/artisan:0
PHP   2. Illuminate\Foundation\Console\Kernel->handle() /var/www/html/FIFALAR2/artisan:36
PHP   3. Symfony\Component\Console\Application->run() /var/www/html/FIFALAR2/vendor/laravel/framework/src/Illuminate/Foundation/Console/Kernel.php:107
PHP   4. Symfony\Component\Console\Application->doRun() /var/www/html/FIFALAR2/vendor/symfony/console/Application.php:120
PHP   5. Symfony\Component\Console\Application->doRunCommand() /var/www/html/FIFALAR2/vendor/symfony/console/Application.php:189
PHP   6. Illuminate\Console\Command->run() /var/www/html/FIFALAR2/vendor/symfony/console/Application.php:841
PHP   7. Symfony\Component\Console\Command\Command->run() /var/www/html/FIFALAR2/vendor/laravel/framework/src/Illuminate/Console/Command.php:136
PHP   8. Illuminate\Console\Command->execute() /var/www/html/FIFALAR2/vendor/symfony/console/Command/Command.php:256
PHP   9. Illuminate\Container\Container->call() /var/www/html/FIFALAR2/vendor/laravel/framework/src/Illuminate/Console/Command.php:150
PHP  10. call_user_func_array:{/var/www/html/FIFALAR2/vendor/laravel/framework/src/Illuminate/Container/Container.php:507}() /var/www/html/FIFALAR2/vendor/laravel/framework/src/Illuminate/Container/Container.php:507
PHP  11. Illuminate\Database\Console\Migrations\RollbackCommand->fire() /var/www/html/FIFALAR2/vendor/laravel/framework/src/Illuminate/Container/Container.php:507
PHP  12. Illuminate\Database\Migrations\Migrator->rollback() /var/www/html/FIFALAR2/vendor/laravel/framework/src/Illuminate/Database/Console/Migrations/RollbackCommand.php:63
PHP  13. Illuminate\Database\Migrations\Migrator->runDown() /var/www/html/FIFALAR2/vendor/laravel/framework/src/Illuminate/Database/Migrations/Migrator.php:169
PHP  14. Illuminate\Database\Migrations\Migrator->resolve() /var/www/html/FIFALAR2/vendor/laravel/framework/src/Illuminate/Database/Migrations/Migrator.php:215


  [Symfony\Component\Debug\Exception\FatalErrorException]
  Class 'CreateTasksTable' not found


sergio@hpotter:/var/www/html/FIFALAR2$ php artisan migrate
Migration table created successfully.
Migrated: 2014_10_12_000000_create_users_table
Migrated: 2014_10_12_100000_create_password_resets_table
Migrated: 2016_01_17_230824_equipos_table
Migrated: 2016_02_07_050220_comentariosBlog
Migrated: 2016_02_09_132528_clubesPro
Migrated: 2016_02_12_013814_create_pro_team_user_table
sergio@hpotter:/var/www/html/FIFALAR2$ php artisan migrate:rollback
Rolled back: 2016_02_12_013814_create_pro_team_user_table
Rolled back: 2016_02_09_132528_clubesPro
Rolled back: 2016_02_07_050220_comentariosBlog
Rolled back: 2016_01_17_230824_equipos_table
Rolled back: 2014_10_12_100000_create_password_resets_table
Rolled back: 2014_10_12_000000_create_users_table
sergio@hpotter:/var/www/html/FIFALAR2$ php artisan migrate
Migrated: 2014_10_12_000000_create_users_table
Migrated: 2014_10_12_100000_create_password_resets_table
Migrated: 2016_01_17_230824_equipos_table
Migrated: 2016_02_07_050220_comentariosBlog
Migrated: 2016_02_09_132528_clubesPro
Migrated: 2016_02_12_013814_create_pro_team_user_table
sergio@hpotter:/var/www/html/FIFALAR2$ php artisan migrate:rollback


  [Illuminate\Database\QueryException]
  SQLSTATE[42S02]: Base table or view not found: 1051 Unknown table 'fifadb.pro_team' (SQL: drop table `pro_team`)



  [PDOException]
  SQLSTATE[42S02]: Base table or view not found: 1051 Unknown table 'fifadb.pro_team'


sergio@hpotter:/var/www/html/FIFALAR2$ php artisan migrate:rollback
Rolled back: 2016_02_09_132528_clubesPro
Rolled back: 2016_02_07_050220_comentariosBlog
Rolled back: 2016_01_17_230824_equipos_table
Rolled back: 2014_10_12_100000_create_password_resets_table
Rolled back: 2014_10_12_000000_create_users_table
sergio@hpotter:/var/www/html/FIFALAR2$ php artisan migrate
Migrated: 2014_10_12_000000_create_users_table
Migrated: 2014_10_12_100000_create_password_resets_table
Migrated: 2016_01_17_230824_equipos_table
Migrated: 2016_02_07_050220_comentariosBlog
Migrated: 2016_02_09_132528_clubesPro
Migrated: 2016_02_12_013814_create_pro_team_user_table
sergio@hpotter:/var/www/html/FIFALAR2$ php artisan migrate:rollback
Rolled back: 2016_02_12_013814_create_pro_team_user_table
Rolled back: 2016_02_09_132528_clubesPro
Rolled back: 2016_02_07_050220_comentariosBlog
Rolled back: 2016_01_17_230824_equipos_table
Rolled back: 2014_10_12_100000_create_password_resets_table
Rolled back: 2014_10_12_000000_create_users_table
sergio@hpotter:/var/www/html/FIFALAR2$ php artisan migrate
Migrated: 2014_10_12_000000_create_users_table
Migrated: 2014_10_12_100000_create_password_resets_table
Migrated: 2016_01_17_230824_equipos_table
Migrated: 2016_02_07_050220_comentariosBlog
Migrated: 2016_02_09_132528_clubesPro
Migrated: 2016_02_12_013814_create_pro_team_user_table
sergio@hpotter:/var/www/html/FIFALAR2$ php artisan make:model ProTeam
Model created successfully.
sergio@hpotter:/var/www/html/FIFALAR2$ php artisan make:model Comment
Model created successfully.
sergio@hpotter:/var/www/html/FIFALAR2$ php artisan tiker


  [InvalidArgumentException]
  Command "tiker" is not defined.
  Did you mean this?
      tinker


sergio@hpotter:/var/www/html/FIFALAR2$ php artisan tinker
Psy Shell v0.6.1 (PHP 5.6.11-1ubuntu3.1 — cli) by Justin Hileman
>>> $user = User::create([
...             'name' => 'Duck',
...             'quote' => 'Ducks are great!',
...         ]);
PHP Fatal error:  Class 'User' not found in eval()'d code on line 1
>>> $user = User::create([                                                                                                                                                                                                                      'name' => 'Duck',                                                                                                                                                                                                                   'quote' => 'Ducks are great!',                                                                                                                                                                                                  ]);
sergio@hpotter:/var/www/html/FIFALAR2$ php artisan tinker
Psy Shell v0.6.1 (PHP 5.6.11-1ubuntu3.1 — cli) by Justin Hileman
>>> $user = \App\User::create([
...             'name' => 'Duck',
...             'quote' => 'Ducks are great!',
...         ]);
=> App\User {#744
     name: "Duck",
     quote: "Ducks are great!",
     updated_at: "2016-02-12 02:09:16",
     created_at: "2016-02-12 02:09:16",
     id: 1,
   }
>>> $team = \App\Team::create([
...             'name' => 'Duck Team',
...             'points' => 23423,
...         ]);
Illuminate\Database\Eloquent\MassAssignmentException with message 'name'
>>> $team = \App\Team::create([                                                                                                                                                                                                                 'name' => 'Duck Team',                                                                                                                                                                                                              'points' => 23423,                                                                                                                                                                                                              ]);
Illuminate\Database\Eloquent\MassAssignmentException with message 'name'
>>> $team = \App\Team::create([                                                                                                                                                                                                                 'name' => 'Duck Team',                                                                                                                                                                                                              'points' => 23423,                                                                                                                                                                                                              ]);
Illuminate\Database\Eloquent\MassAssignmentException with message 'name'
>>> exit;
sergio@hpotter:/var/www/html/FIFALAR2$ php artisan tinker
Psy Shell v0.6.1 (PHP 5.6.11-1ubuntu3.1 — cli) by Justin Hileman
>>> $team = \App\Team::create([                                                                                                                                                                                                                 'name' => 'Duck Team',                                                                                                                                                                                                              'points' => 23423,                                                                                                                                                                                                              ]);
Illuminate\Database\QueryException with message 'SQLSTATE[23000]: Integrity constraint violation: 1452 Cannot add or update a child row: a foreign key constraint fails (`fifadb`.`teams`, CONSTRAINT `teams_user_id_foreign` FOREIGN KEY (`user_id`) REFERENCES `users` (`id`)) (SQL: insert into `teams` (`name`, `points`, `updated_at`, `created_at`) values (Duck Team, 23423, 2016-02-12 02:10:20, 2016-02-12 02:10:20))'
>>> $team = \App\Team::create([
...             'name' => 'Duck Team',
...             'points' => 23423,
...             'user_id' => $user->id,
...         ]);
PHP error:  Undefined variable: user on line 1
>>> $user = User::first();
PHP Fatal error:  Class 'User' not found in eval()'d code on line 1
>>> $user = App\User::first();
=> App\User {#738
     id: "1",
     name: "Duck",
     email: "",
     user_name: "",
     gamertag: "",
     position: "",
     estate: "",
     quote: "Ducks are great!",
     platform: "",
     created_at: "2016-02-12 02:09:16",
     updated_at: "2016-02-12 02:09:16",
     deleted_at: null,
   }
>>> $team = \App\Team::create([                                                                                                                                                                                                                 'name' => 'Duck Team',                                                                                                                                                                                                              'points' => 23423,                                                                                                                                                                                                                  'user_id' => $user->id,                                                                                                                                                                                                         ]);
Illuminate\Database\QueryException with message 'SQLSTATE[23000]: Integrity constraint violation: 1452 Cannot add or update a child row: a foreign key constraint fails (`fifadb`.`teams`, CONSTRAINT `teams_user_id_foreign` FOREIGN KEY (`user_id`) REFERENCES `users` (`id`)) (SQL: insert into `teams` (`name`, `points`, `updated_at`, `created_at`) values (Duck Team, 23423, 2016-02-12 02:11:32, 2016-02-12 02:11:32))'
>>> $user->id;
=> "1"
>>> exit;
sergio@hpotter:/var/www/html/FIFALAR2$ php artisan tinker
Psy Shell v0.6.1 (PHP 5.6.11-1ubuntu3.1 — cli) by Justin Hileman
>>> $user = User::first();                                                                                                                                                                                                          PHP Fatal error:  Class 'User' not found in eval()'d code on line 1
>>> $user = App\User::first();                                                                                                                                                                                                      => App\User {#753
     id: "1",
     name: "Duck",
     email: "",
     user_name: "",
     gamertag: "",
     position: "",
     estate: "",
     quote: "Ducks are great!",
     platform: "",
     created_at: "2016-02-12 02:09:16",
     updated_at: "2016-02-12 02:09:16",
     deleted_at: null,
   }
>>>  $team = \App\Team::create([
...             'name' => 'Duck Team',
...             'points' => 23423,
...             'user_id' => $user->id,
...         ]);
=> App\Team {#761
     name: "Duck Team",
     points: 23423,
     user_id: "1",
     updated_at: "2016-02-12 02:12:50",
     created_at: "2016-02-12 02:12:50",
     id: 3,
   }
>>>   $proTeam = \App\ProTeam::create([
...             'name' => 'Pro Team',
...             'quote' => 'Bolillous',
...         ]);
=> App\ProTeam {#739
     name: "Pro Team",
     quote: "Bolillous",
     updated_at: "2016-02-12 02:13:27",
     created_at: "2016-02-12 02:13:27",
     id: 1,
   }
>>> $user->proTeam()->attach($proTeam->id);
BadMethodCallException with message 'Call to undefined method Illuminate\Database\Query\Builder::proTeam()'
>>> $user->proTeams()->attach($proTeam->id);
=> null
>>> $user->proTeams()->attach($proTeam->id);
Illuminate\Database\QueryException with message 'SQLSTATE[23000]: Integrity constraint violation: 1062 Duplicate entry '1-po' for key 'pro_team_user_pro_team_id_position_unique' (SQL: insert into `pro_team_user` (`pro_team_id`, `user_id`) values (1, 1))'
>>> $user->proTeams()->detach($proTeam->id);
=> 1
>>> $user->proTeams()->detach($proTeam->id,[]);
=> 0
>>> $user->proTeams()->attach($proTeam->id,['status' => 'pending', 'position' =>'po']);
=> null
>>> $user->proTeams()->attach($proTeam->id,['status' => 'pending', 'position' =>'po']);
Illuminate\Database\QueryException with message 'SQLSTATE[23000]: Integrity constraint violation: 1062 Duplicate entry '1-po' for key 'pro_team_user_pro_team_id_position_unique' (SQL: insert into `pro_team_user` (`position`, `pro_team_id`, `status`, `user_id`) values (po, 1, pending, 1))'
>>> App\User::create(['name' => 'Eric Josue']);
Illuminate\Database\QueryException with message 'SQLSTATE[23000]: Integrity constraint violation: 1062 Duplicate entry '' for key 'users_email_unique' (SQL: insert into `users` (`name`, `updated_at`, `created_at`) values (Eric Josue, 2016-02-12 02:17:42, 2016-02-12 02:17:42))'
>>> App\User::create(['name' => 'Eric Josue', 'email' => 'ericjosue@live.com']);
=> App\User {#730
     name: "Eric Josue",
     email: "ericjosue@live.com",
     updated_at: "2016-02-12 02:19:15",
     created_at: "2016-02-12 02:19:15",
     id: 3,
   }
>>> App\User::create(['name' => 'Sergio Contreras', 'email' => 'sergio@live.com']);
=> App\User {#760
     name: "Sergio Contreras",
     email: "sergio@live.com",
     updated_at: "2016-02-12 02:19:28",
     created_at: "2016-02-12 02:19:28",
     id: 4,
   }
>>>   $proTeam = \App\ProTeam::create([                                                                                                                                                                                                         'name' => 'Cuiaaasdjfasdklfj',                                                                                                                                                                                                      'quote' => 'Bolillous',                                                                                                                                                                                                         ]);                                                                                                                                                                                                                         => App\ProTeam {#759
     name: "Cuiaaasdjfasdklfj",
     quote: "Bolillous",
     updated_at: "2016-02-12 02:19:43",
     created_at: "2016-02-12 02:19:43",
     id: 2,
   }
>>> User::whereEmail('pato')->first()
PHP Fatal error:  Class 'User' not found in eval()'d code on line 1
>>> App\User::whereEmail('pato')->first()
=> App\User {#739
     id: "1",
     name: "Duck",
     email: "pato",
     user_name: "",
     gamertag: "",
     position: "",
     estate: "",
     quote: "Ducks are great!",
     platform: "",
     created_at: "2016-02-12 02:09:16",
     updated_at: "2016-02-12 02:09:16",
     deleted_at: null,
   }
>>> App\User::whereEmail('pato')->get()
=> Illuminate\Database\Eloquent\Collection {#749
     all: [
       App\User {#760
         id: "1",
         name: "Duck",
         email: "pato",
         user_name: "",
         gamertag: "",
         position: "",
         estate: "",
         quote: "Ducks are great!",
         platform: "",
         created_at: "2016-02-12 02:09:16",
         updated_at: "2016-02-12 02:09:16",
         deleted_at: null,
       },
     ],
   }
>>> App\User::whereEmail('pato')->first()
=> App\User {#740
     id: "1",
     name: "Duck",
     email: "pato",
     user_name: "",
     gamertag: "",
     position: "",
     estate: "",
     quote: "Ducks are great!",
     platform: "",
     created_at: "2016-02-12 02:09:16",
     updated_at: "2016-02-12 02:09:16",
     deleted_at: null,
   }
>>> App\User::whereEmail('pato')->first()->proTeams()->get()
=> Illuminate\Database\Eloquent\Collection {#736
     all: [
       App\ProTeam {#765
         id: "1",
         created_at: "2016-02-12 02:13:27",
         updated_at: "2016-02-12 02:13:27",
         name: "Pro Team",
         quote: "Bolillous",
         state: "",
         points: "0",
         JJ: "0",
         JG: "0",
         JE: "0",
         JP: "0",
         GF: "0",
         GC: "0",
         pivot: Illuminate\Database\Eloquent\Relations\Pivot {#762
           user_id: "1",
           pro_team_id: "1",
           status: "pending",
           position: "po",
         },
       },
     ],
   }
>>> App\User::whereEmail('pato')->first()->proTeams;
=> Illuminate\Database\Eloquent\Collection {#769
     all: [
       App\ProTeam {#771
         id: "1",
         created_at: "2016-02-12 02:13:27",
         updated_at: "2016-02-12 02:13:27",
         name: "Pro Team",
         quote: "Bolillous",
         state: "",
         points: "0",
         JJ: "0",
         JG: "0",
         JE: "0",
         JP: "0",
         GF: "0",
         GC: "0",
         pivot: Illuminate\Database\Eloquent\Relations\Pivot {#770
           user_id: "1",
           pro_team_id: "1",
           status: "pending",
           position: "po",
         },
       },
     ],
   }
>>> App\User::whereEmail('pato')->first()->proTeams[0];
=> App\ProTeam {#773
     id: "1",
     created_at: "2016-02-12 02:13:27",
     updated_at: "2016-02-12 02:13:27",
     name: "Pro Team",
     quote: "Bolillous",
     state: "",
     points: "0",
     JJ: "0",
     JG: "0",
     JE: "0",
     JP: "0",
     GF: "0",
     GC: "0",
     pivot: Illuminate\Database\Eloquent\Relations\Pivot {#772
       user_id: "1",
       pro_team_id: "1",
       status: "pending",
       position: "po",
     },
   }
>>> App\User::whereEmail('pato')->first()->proTeams[0]->name;
=> "Pro Team"
>>> App\User::whereEmail('pato')->first()->proTeams[0]->pivot->position;
=> "po"
>>> ProTeam::first();
PHP Fatal error:  Class 'ProTeam' not found in eval()'d code on line 1
>>> App\ProTeam::first();
=> App\ProTeam {#750
     id: "1",
     created_at: "2016-02-12 02:13:27",
     updated_at: "2016-02-12 02:13:27",
     name: "Pro Team",
     quote: "Bolillous",
     state: "",
     points: "0",
     JJ: "0",
     JG: "0",
     JE: "0",
     JP: "0",
     GF: "0",
     GC: "0",
   }
>>> App\ProTeam::first()->attach(3);
BadMethodCallException with message 'Call to undefined method Illuminate\Database\Query\Builder::attach()'
>>> App\ProTeam::first()->users()->attach(3,['status'=>'pending']);
Illuminate\Database\QueryException with message 'SQLSTATE[23000]: Integrity constraint violation: 1062 Duplicate entry '1-po' for key 'pro_team_user_pro_team_id_position_unique' (SQL: insert into `pro_team_user` (`pro_team_id`, `status`, `user_id`) values (1, pending, 3))'
>>> App\ProTeam::first()->users()->attach(3,['status'=>'pending','position' => 'dc']);
=> null
>>> App\ProTeam::first()->users()->attach(4,['status'=>'pending','position' => 'lti']);
=> null
>>> App\ProTeam::first()->users
=> Illuminate\Database\Eloquent\Collection {#766
     all: [
       App\User {#742
         id: "1",
         name: "Duck",
         email: "pato",
         user_name: "",
         gamertag: "",
         position: "",
         estate: "",
         quote: "Ducks are great!",
         platform: "",
         created_at: "2016-02-12 02:09:16",
         updated_at: "2016-02-12 02:09:16",
         deleted_at: null,
         pivot: Illuminate\Database\Eloquent\Relations\Pivot {#760
           pro_team_id: "1",
           user_id: "1",
           status: "pending",
           position: "po",
         },
       },
       App\User {#750
         id: "3",
         name: "Eric Josue",
         email: "ericjosue@live.com",
         user_name: "",
         gamertag: "",
         position: "",
         estate: "",
         quote: "",
         platform: "",
         created_at: "2016-02-12 02:19:15",
         updated_at: "2016-02-12 02:19:15",
         deleted_at: null,
         pivot: Illuminate\Database\Eloquent\Relations\Pivot {#767
           pro_team_id: "1",
           user_id: "3",
           status: "pending",
           position: "dc",
         },
       },
       App\User {#779
         id: "4",
         name: "Sergio Contreras",
         email: "sergio@live.com",
         user_name: "",
         gamertag: "",
         position: "",
         estate: "",
         quote: "",
         platform: "",
         created_at: "2016-02-12 02:19:28",
         updated_at: "2016-02-12 02:19:28",
         deleted_at: null,
         pivot: Illuminate\Database\Eloquent\Relations\Pivot {#757
           pro_team_id: "1",
           user_id: "4",
           status: "pending",
           position: "lti",
         },
       },
     ],
   }
>>> App\ProTeam::first()
=> App\ProTeam {#735
     id: "1",
     created_at: "2016-02-12 02:13:27",
     updated_at: "2016-02-12 02:13:27",
     name: "Pro Team",
     quote: "Bolillous",
     state: "",
     points: "0",
     JJ: "0",
     JG: "0",
     JE: "0",
     JP: "0",
     GF: "0",
     GC: "0",
   }
>>> $proTeam= App\ProTeam::first();
=> App\ProTeam {#774
     id: "1",
     created_at: "2016-02-12 02:13:27",
     updated_at: "2016-02-12 02:13:27",
     name: "Pro Team",
     quote: "Bolillous",
     state: "",
     points: "0",
     JJ: "0",
     JG: "0",
     JE: "0",
     JP: "0",
     GF: "0",
     GC: "0",
   }
>>> $proTeam->users;
=> Illuminate\Database\Eloquent\Collection {#758
     all: [
       App\User {#738
         id: "1",
         name: "Duck",
         email: "pato",
         user_name: "",
         gamertag: "",
         position: "",
         estate: "",
         quote: "Ducks are great!",
         platform: "",
         created_at: "2016-02-12 02:09:16",
         updated_at: "2016-02-12 02:09:16",
         deleted_at: null,
         pivot: Illuminate\Database\Eloquent\Relations\Pivot {#737
           pro_team_id: "1",
           user_id: "1",
           status: "pending",
           position: "po",
         },
       },
       App\User {#733
         id: "3",
         name: "Eric Josue",
         email: "ericjosue@live.com",
         user_name: "",
         gamertag: "",
         position: "",
         estate: "",
         quote: "",
         platform: "",
         created_at: "2016-02-12 02:19:15",
         updated_at: "2016-02-12 02:19:15",
         deleted_at: null,
         pivot: Illuminate\Database\Eloquent\Relations\Pivot {#756
           pro_team_id: "1",
           user_id: "3",
           status: "pending",
           position: "dc",
         },
       },
       App\User {#765
         id: "4",
         name: "Sergio Contreras",
         email: "sergio@live.com",
         user_name: "",
         gamertag: "",
         position: "",
         estate: "",
         quote: "",
         platform: "",
         created_at: "2016-02-12 02:19:28",
         updated_at: "2016-02-12 02:19:28",
         deleted_at: null,
         pivot: Illuminate\Database\Eloquent\Relations\Pivot {#755
           pro_team_id: "1",
           user_id: "4",
           status: "pending",
           position: "lti",
         },
       },
     ],
   }
>>> App\ProTeam::all()[1]->users()->attach(4,['status'=>'pending','position' => 'lti']);
=> null
>>> App\ProTeam::all()[1]->users
=> Illuminate\Database\Eloquent\Collection {#762
     all: [
       App\User {#740
         id: "4",
         name: "Sergio Contreras",
         email: "sergio@live.com",
         user_name: "",
         gamertag: "",
         position: "",
         estate: "",
         quote: "",
         platform: "",
         created_at: "2016-02-12 02:19:28",
         updated_at: "2016-02-12 02:19:28",
         deleted_at: null,
         pivot: Illuminate\Database\Eloquent\Relations\Pivot {#730
           pro_team_id: "2",
           user_id: "4",
           status: "pending",
           position: "lti",
         },
       },
     ],
   }
>>> Account::find(4)->proTeams
PHP Fatal error:  Class 'Account' not found in eval()'d code on line 1
>>> App\Account::find(4)->proTeams
PHP Fatal error:  Class 'App\Account' not found in eval()'d code on line 1
>>> App\User::find(4)->proTeams
=> Illuminate\Database\Eloquent\Collection {#802
     all: [
       App\ProTeam {#799
         id: "1",
         created_at: "2016-02-12 02:13:27",
         updated_at: "2016-02-12 02:13:27",
         name: "Pro Team",
         quote: "Bolillous",
         state: "",
         points: "0",
         JJ: "0",
         JG: "0",
         JE: "0",
         JP: "0",
         GF: "0",
         GC: "0",
         pivot: Illuminate\Database\Eloquent\Relations\Pivot {#800
           user_id: "4",
           pro_team_id: "1",
           status: "pending",
           position: "lti",
         },
       },
       App\ProTeam {#798
         id: "2",
         created_at: "2016-02-12 02:19:43",
         updated_at: "2016-02-12 02:19:43",
         name: "Cuiaaasdjfasdklfj",
         quote: "Bolillous",
         state: "",
         points: "0",
         JJ: "0",
         JG: "0",
         JE: "0",
         JP: "0",
         GF: "0",
         GC: "0",
         pivot: Illuminate\Database\Eloquent\Relations\Pivot {#796
           user_id: "4",
           pro_team_id: "2",
           status: "pending",
           position: "lti",
         },
       },
     ],
   }
>>>
